// Vitest Snapshot v1, https://vitest.dev/guide/snapshot.html

exports[`generates board 1`] = `
[⬜] {🟦} [⬜] {🟦}
[⬜] [⬜] {🟦} [⬜]
{🟦} [⬜] {🟥} [⬜]
{🟦} {🟥} {🟦} {🟥}
`;

exports[`generates board 2`] = `
{🟦} {🟦} {🟥} {🟥} [⬜] {🟥}
{🟥} {🟥} {🟦} {🟥} [⬜] [⬜]
[⬜] [⬜] [⬜] {🟦} {🟥} [⬜]
[⬜] [⬜] {🟥} {🟦} {🟥} [⬜]
{🟥} [⬜] {🟦} {🟥} [⬜] [⬜]
{🟥} {🟥} [⬜] [⬜] {🟥} {🟦}
`;

exports[`generates board 3`] = `
{🟥} [⬜] {🟥} {🟦} [⬜] {🟥} {🟦} {🟥}
{🟦} {🟥} {🟦} [⬜] [⬜] {🟦} [⬜] {🟥}
[⬜] {🟥} {🟥} {🟦} [⬜] {🟥} {🟥} {🟦}
{🟥} {🟦} [⬜] {🟥} {🟥} [⬜] [⬜] {🟥}
[⬜] [⬜] {🟥} [⬜] [⬜] [⬜] {🟥} {🟦}
[⬜] [⬜] [⬜] {🟦} {🟥} {🟥} {🟦} [⬜]
{🟦} [⬜] {🟥} {🟦} {🟥} [⬜] {🟥} [⬜]
[⬜] {🟦} [⬜] [⬜] {🟦} {🟥} {🟥} [⬜]
`;

exports[`generates board 4`] = `
[⬜] {🟥} [⬜] [⬜] [⬜] {🟥} [⬜] {🟥} {🟦} [⬜]
{🟥} [⬜] {🟦} {🟥} [⬜] [⬜] [⬜] {🟦} {🟥} [⬜]
{🟥} {🟦} {🟥} [⬜] {🟦} {🟥} {🟦} {🟥} [⬜] [⬜]
{🟦} {🟥} {🟦} {🟥} {🟦} {🟦} {🟥} [⬜] {🟥} {🟥}
[⬜] [⬜] {🟥} {🟦} {🟥} [⬜] {🟥} {🟥} [⬜] {🟦}
{🟥} [⬜] {🟦} {🟥} {🟦} {🟥} [⬜] {🟦} {🟥} [⬜]
{🟦} [⬜] [⬜] {🟦} {🟥} {🟦} {🟥} [⬜] [⬜] {🟥}
{🟦} {🟥} {🟦} {🟥} [⬜] [⬜] [⬜] {🟥} [⬜] {🟦}
{🟥} [⬜] {🟥} [⬜] [⬜] [⬜] {🟦} [⬜] {🟥} {🟥}
[⬜] {🟥} {🟦} {🟥} [⬜] {🟦} [⬜] {🟦} [⬜] [⬜]
`;

exports[`generates board 5`] = `
{🟥} [⬜] [⬜] {🟥} [⬜] {🟥} {🟦} [⬜] [⬜] [⬜] [⬜] [⬜]
[⬜] {🟥} {🟥} {🟦} [⬜] {🟦} [⬜] [⬜] [⬜] {🟥} [⬜] [⬜]
{🟦} {🟥} [⬜] [⬜] {🟦} {🟥} {🟦} {🟥} [⬜] {🟥} [⬜] [⬜]
{🟥} [⬜] {🟥} {🟦} [⬜] {🟦} [⬜] [⬜] [⬜] {🟦} [⬜] [⬜]
{🟥} {🟦} {🟥} {🟥} {🟦} [⬜] {🟥} {🟦} [⬜] {🟥} {🟥} {🟦}
[⬜] [⬜] {🟦} {🟥} {🟦} [⬜] {🟥} {🟦} {🟥} {🟦} [⬜] {🟦}
[⬜] {🟦} {🟥} [⬜] {🟥} [⬜] {🟦} {🟥} {🟥} {🟦} {🟦} {🟥}
[⬜] {🟥} {🟦} [⬜] {🟥} {🟦} [⬜] {🟥} [⬜] [⬜] [⬜] [⬜]
{🟦} {🟦} {🟥} {🟥} {🟦} {🟥} {🟥} [⬜] {🟦} [⬜] [⬜] [⬜]
[⬜] {🟥} [⬜] [⬜] {🟥} {🟥} {🟦} [⬜] {🟥} [⬜] {🟦} [⬜]
{🟥} {🟥} {🟦} {🟦} {🟥} {🟦} {🟥} {🟥} [⬜] {🟦} [⬜] [⬜]
{🟥} {🟦} [⬜] {🟥} {🟦} {🟦} {🟥} {🟦} [⬜] {🟥} {🟦} {🟥}
`;
