// Vitest Snapshot v1, https://vitest.dev/guide/snapshot.html

exports[`generate board lines 1`] = `
[
  {🟥} {🟥} {🟦} {🟦},
  {🟥} {🟦} {🟥} {🟦},
  {🟥} {🟦} {🟦} {🟥},
  {🟦} {🟥} {🟥} {🟦},
  {🟦} {🟥} {🟦} {🟥},
  {🟦} {🟦} {🟥} {🟥},
]
`;

exports[`generate board lines 2`] = `
[
  {🟥} {🟥} {🟦} {🟥} {🟦} {🟦},
  {🟥} {🟥} {🟦} {🟦} {🟥} {🟦},
  {🟥} {🟦} {🟥} {🟥} {🟦} {🟦},
  {🟥} {🟦} {🟥} {🟦} {🟥} {🟦},
  {🟥} {🟦} {🟥} {🟦} {🟦} {🟥},
  {🟥} {🟦} {🟦} {🟥} {🟥} {🟦},
  {🟥} {🟦} {🟦} {🟥} {🟦} {🟥},
  {🟦} {🟥} {🟥} {🟦} {🟥} {🟦},
  {🟦} {🟥} {🟥} {🟦} {🟦} {🟥},
  {🟦} {🟥} {🟦} {🟥} {🟥} {🟦},
  {🟦} {🟥} {🟦} {🟥} {🟦} {🟥},
  {🟦} {🟥} {🟦} {🟦} {🟥} {🟥},
  {🟦} {🟦} {🟥} {🟥} {🟦} {🟥},
  {🟦} {🟦} {🟥} {🟦} {🟥} {🟥},
]
`;

exports[`generate board lines 3`] = `
[
  {🟥} {🟥} {🟦} {🟥} {🟦} {🟥} {🟦} {🟦},
  {🟥} {🟥} {🟦} {🟥} {🟦} {🟦} {🟥} {🟦},
  {🟥} {🟥} {🟦} {🟦} {🟥} {🟥} {🟦} {🟦},
  {🟥} {🟥} {🟦} {🟦} {🟥} {🟦} {🟥} {🟦},
  {🟥} {🟥} {🟦} {🟦} {🟥} {🟦} {🟦} {🟥},
  {🟥} {🟦} {🟥} {🟥} {🟦} {🟥} {🟦} {🟦},
  {🟥} {🟦} {🟥} {🟥} {🟦} {🟦} {🟥} {🟦},
  {🟥} {🟦} {🟥} {🟦} {🟥} {🟥} {🟦} {🟦},
  {🟥} {🟦} {🟥} {🟦} {🟥} {🟦} {🟥} {🟦},
  {🟥} {🟦} {🟥} {🟦} {🟥} {🟦} {🟦} {🟥},
  {🟥} {🟦} {🟥} {🟦} {🟦} {🟥} {🟥} {🟦},
  {🟥} {🟦} {🟥} {🟦} {🟦} {🟥} {🟦} {🟥},
  {🟥} {🟦} {🟦} {🟥} {🟥} {🟦} {🟥} {🟦},
  {🟥} {🟦} {🟦} {🟥} {🟥} {🟦} {🟦} {🟥},
  {🟥} {🟦} {🟦} {🟥} {🟦} {🟥} {🟥} {🟦},
  {🟥} {🟦} {🟦} {🟥} {🟦} {🟥} {🟦} {🟥},
  {🟥} {🟦} {🟦} {🟥} {🟦} {🟦} {🟥} {🟥},
  {🟦} {🟥} {🟥} {🟦} {🟥} {🟥} {🟦} {🟦},
  {🟦} {🟥} {🟥} {🟦} {🟥} {🟦} {🟥} {🟦},
  {🟦} {🟥} {🟥} {🟦} {🟥} {🟦} {🟦} {🟥},
  {🟦} {🟥} {🟥} {🟦} {🟦} {🟥} {🟥} {🟦},
  {🟦} {🟥} {🟥} {🟦} {🟦} {🟥} {🟦} {🟥},
  {🟦} {🟥} {🟦} {🟥} {🟥} {🟦} {🟥} {🟦},
  {🟦} {🟥} {🟦} {🟥} {🟥} {🟦} {🟦} {🟥},
  {🟦} {🟥} {🟦} {🟥} {🟦} {🟥} {🟥} {🟦},
  {🟦} {🟥} {🟦} {🟥} {🟦} {🟥} {🟦} {🟥},
  {🟦} {🟥} {🟦} {🟥} {🟦} {🟦} {🟥} {🟥},
  {🟦} {🟥} {🟦} {🟦} {🟥} {🟥} {🟦} {🟥},
  {🟦} {🟥} {🟦} {🟦} {🟥} {🟦} {🟥} {🟥},
  {🟦} {🟦} {🟥} {🟥} {🟦} {🟥} {🟥} {🟦},
  {🟦} {🟦} {🟥} {🟥} {🟦} {🟥} {🟦} {🟥},
  {🟦} {🟦} {🟥} {🟥} {🟦} {🟦} {🟥} {🟥},
  {🟦} {🟦} {🟥} {🟦} {🟥} {🟥} {🟦} {🟥},
  {🟦} {🟦} {🟥} {🟦} {🟥} {🟦} {🟥} {🟥},
]
`;

exports[`generate board lines 4`] = `
[
  {🟥} {🟥} {🟦} {🟥} {🟥} {🟦} {🟦} {🟥} {🟦} {🟦},
  {🟥} {🟥} {🟦} {🟥} {🟦} {🟥} {🟦} {🟥} {🟦} {🟦},
  {🟥} {🟥} {🟦} {🟥} {🟦} {🟥} {🟦} {🟦} {🟥} {🟦},
  {🟥} {🟥} {🟦} {🟥} {🟦} {🟦} {🟥} {🟥} {🟦} {🟦},
  {🟥} {🟥} {🟦} {🟥} {🟦} {🟦} {🟥} {🟦} {🟥} {🟦},
  {🟥} {🟥} {🟦} {🟥} {🟦} {🟦} {🟥} {🟦} {🟦} {🟥},
  {🟥} {🟥} {🟦} {🟦} {🟥} {🟥} {🟦} {🟥} {🟦} {🟦},
  {🟥} {🟥} {🟦} {🟦} {🟥} {🟥} {🟦} {🟦} {🟥} {🟦},
  {🟥} {🟥} {🟦} {🟦} {🟥} {🟦} {🟥} {🟥} {🟦} {🟦},
  {🟥} {🟥} {🟦} {🟦} {🟥} {🟦} {🟥} {🟦} {🟥} {🟦},
  {🟥} {🟥} {🟦} {🟦} {🟥} {🟦} {🟥} {🟦} {🟦} {🟥},
  {🟥} {🟥} {🟦} {🟦} {🟥} {🟦} {🟦} {🟥} {🟥} {🟦},
  {🟥} {🟥} {🟦} {🟦} {🟥} {🟦} {🟦} {🟥} {🟦} {🟥},
  {🟥} {🟦} {🟥} {🟥} {🟦} {🟥} {🟦} {🟥} {🟦} {🟦},
  {🟥} {🟦} {🟥} {🟥} {🟦} {🟥} {🟦} {🟦} {🟥} {🟦},
  {🟥} {🟦} {🟥} {🟥} {🟦} {🟦} {🟥} {🟥} {🟦} {🟦},
  {🟥} {🟦} {🟥} {🟥} {🟦} {🟦} {🟥} {🟦} {🟥} {🟦},
  {🟥} {🟦} {🟥} {🟥} {🟦} {🟦} {🟥} {🟦} {🟦} {🟥},
  {🟥} {🟦} {🟥} {🟦} {🟥} {🟥} {🟦} {🟥} {🟦} {🟦},
  {🟥} {🟦} {🟥} {🟦} {🟥} {🟥} {🟦} {🟦} {🟥} {🟦},
  {🟥} {🟦} {🟥} {🟦} {🟥} {🟦} {🟥} {🟥} {🟦} {🟦},
  {🟥} {🟦} {🟥} {🟦} {🟥} {🟦} {🟥} {🟦} {🟥} {🟦},
  {🟥} {🟦} {🟥} {🟦} {🟥} {🟦} {🟥} {🟦} {🟦} {🟥},
  {🟥} {🟦} {🟥} {🟦} {🟥} {🟦} {🟦} {🟥} {🟥} {🟦},
  {🟥} {🟦} {🟥} {🟦} {🟥} {🟦} {🟦} {🟥} {🟦} {🟥},
  {🟥} {🟦} {🟥} {🟦} {🟦} {🟥} {🟥} {🟦} {🟥} {🟦},
  {🟥} {🟦} {🟥} {🟦} {🟦} {🟥} {🟥} {🟦} {🟦} {🟥},
  {🟥} {🟦} {🟥} {🟦} {🟦} {🟥} {🟦} {🟥} {🟥} {🟦},
  {🟥} {🟦} {🟥} {🟦} {🟦} {🟥} {🟦} {🟥} {🟦} {🟥},
  {🟥} {🟦} {🟥} {🟦} {🟦} {🟥} {🟦} {🟦} {🟥} {🟥},
  {🟥} {🟦} {🟦} {🟥} {🟥} {🟦} {🟥} {🟥} {🟦} {🟦},
  {🟥} {🟦} {🟦} {🟥} {🟥} {🟦} {🟥} {🟦} {🟥} {🟦},
  {🟥} {🟦} {🟦} {🟥} {🟥} {🟦} {🟥} {🟦} {🟦} {🟥},
  {🟥} {🟦} {🟦} {🟥} {🟥} {🟦} {🟦} {🟥} {🟥} {🟦},
  {🟥} {🟦} {🟦} {🟥} {🟥} {🟦} {🟦} {🟥} {🟦} {🟥},
  {🟥} {🟦} {🟦} {🟥} {🟦} {🟥} {🟥} {🟦} {🟥} {🟦},
  {🟥} {🟦} {🟦} {🟥} {🟦} {🟥} {🟥} {🟦} {🟦} {🟥},
  {🟥} {🟦} {🟦} {🟥} {🟦} {🟥} {🟦} {🟥} {🟥} {🟦},
  {🟥} {🟦} {🟦} {🟥} {🟦} {🟥} {🟦} {🟥} {🟦} {🟥},
  {🟥} {🟦} {🟦} {🟥} {🟦} {🟥} {🟦} {🟦} {🟥} {🟥},
  {🟥} {🟦} {🟦} {🟥} {🟦} {🟦} {🟥} {🟥} {🟦} {🟥},
  {🟥} {🟦} {🟦} {🟥} {🟦} {🟦} {🟥} {🟦} {🟥} {🟥},
  {🟦} {🟥} {🟥} {🟦} {🟥} {🟥} {🟦} {🟥} {🟦} {🟦},
  {🟦} {🟥} {🟥} {🟦} {🟥} {🟥} {🟦} {🟦} {🟥} {🟦},
  {🟦} {🟥} {🟥} {🟦} {🟥} {🟦} {🟥} {🟥} {🟦} {🟦},
  {🟦} {🟥} {🟥} {🟦} {🟥} {🟦} {🟥} {🟦} {🟥} {🟦},
  {🟦} {🟥} {🟥} {🟦} {🟥} {🟦} {🟥} {🟦} {🟦} {🟥},
  {🟦} {🟥} {🟥} {🟦} {🟥} {🟦} {🟦} {🟥} {🟥} {🟦},
  {🟦} {🟥} {🟥} {🟦} {🟥} {🟦} {🟦} {🟥} {🟦} {🟥},
  {🟦} {🟥} {🟥} {🟦} {🟦} {🟥} {🟥} {🟦} {🟥} {🟦},
  {🟦} {🟥} {🟥} {🟦} {🟦} {🟥} {🟥} {🟦} {🟦} {🟥},
  {🟦} {🟥} {🟥} {🟦} {🟦} {🟥} {🟦} {🟥} {🟥} {🟦},
  {🟦} {🟥} {🟥} {🟦} {🟦} {🟥} {🟦} {🟥} {🟦} {🟥},
  {🟦} {🟥} {🟥} {🟦} {🟦} {🟥} {🟦} {🟦} {🟥} {🟥},
  {🟦} {🟥} {🟦} {🟥} {🟥} {🟦} {🟥} {🟥} {🟦} {🟦},
  {🟦} {🟥} {🟦} {🟥} {🟥} {🟦} {🟥} {🟦} {🟥} {🟦},
  {🟦} {🟥} {🟦} {🟥} {🟥} {🟦} {🟥} {🟦} {🟦} {🟥},
  {🟦} {🟥} {🟦} {🟥} {🟥} {🟦} {🟦} {🟥} {🟥} {🟦},
  {🟦} {🟥} {🟦} {🟥} {🟥} {🟦} {🟦} {🟥} {🟦} {🟥},
  {🟦} {🟥} {🟦} {🟥} {🟦} {🟥} {🟥} {🟦} {🟥} {🟦},
  {🟦} {🟥} {🟦} {🟥} {🟦} {🟥} {🟥} {🟦} {🟦} {🟥},
  {🟦} {🟥} {🟦} {🟥} {🟦} {🟥} {🟦} {🟥} {🟥} {🟦},
  {🟦} {🟥} {🟦} {🟥} {🟦} {🟥} {🟦} {🟥} {🟦} {🟥},
  {🟦} {🟥} {🟦} {🟥} {🟦} {🟥} {🟦} {🟦} {🟥} {🟥},
  {🟦} {🟥} {🟦} {🟥} {🟦} {🟦} {🟥} {🟥} {🟦} {🟥},
  {🟦} {🟥} {🟦} {🟥} {🟦} {🟦} {🟥} {🟦} {🟥} {🟥},
  {🟦} {🟥} {🟦} {🟦} {🟥} {🟥} {🟦} {🟥} {🟥} {🟦},
  {🟦} {🟥} {🟦} {🟦} {🟥} {🟥} {🟦} {🟥} {🟦} {🟥},
  {🟦} {🟥} {🟦} {🟦} {🟥} {🟥} {🟦} {🟦} {🟥} {🟥},
  {🟦} {🟥} {🟦} {🟦} {🟥} {🟦} {🟥} {🟥} {🟦} {🟥},
  {🟦} {🟥} {🟦} {🟦} {🟥} {🟦} {🟥} {🟦} {🟥} {🟥},
  {🟦} {🟦} {🟥} {🟥} {🟦} {🟥} {🟥} {🟦} {🟥} {🟦},
  {🟦} {🟦} {🟥} {🟥} {🟦} {🟥} {🟥} {🟦} {🟦} {🟥},
  {🟦} {🟦} {🟥} {🟥} {🟦} {🟥} {🟦} {🟥} {🟥} {🟦},
  {🟦} {🟦} {🟥} {🟥} {🟦} {🟥} {🟦} {🟥} {🟦} {🟥},
  {🟦} {🟦} {🟥} {🟥} {🟦} {🟥} {🟦} {🟦} {🟥} {🟥},
  {🟦} {🟦} {🟥} {🟥} {🟦} {🟦} {🟥} {🟥} {🟦} {🟥},
  {🟦} {🟦} {🟥} {🟥} {🟦} {🟦} {🟥} {🟦} {🟥} {🟥},
  {🟦} {🟦} {🟥} {🟦} {🟥} {🟥} {🟦} {🟥} {🟥} {🟦},
  {🟦} {🟦} {🟥} {🟦} {🟥} {🟥} {🟦} {🟥} {🟦} {🟥},
  {🟦} {🟦} {🟥} {🟦} {🟥} {🟥} {🟦} {🟦} {🟥} {🟥},
  {🟦} {🟦} {🟥} {🟦} {🟥} {🟦} {🟥} {🟥} {🟦} {🟥},
  {🟦} {🟦} {🟥} {🟦} {🟥} {🟦} {🟥} {🟦} {🟥} {🟥},
  {🟦} {🟦} {🟥} {🟦} {🟦} {🟥} {🟥} {🟦} {🟥} {🟥},
]
`;

exports[`generate board lines 5`] = `
[
  {🟥} {🟥} {🟦} {🟥} {🟥} {🟦} {🟥} {🟦} {🟦} {🟥} {🟦} {🟦},
  {🟥} {🟥} {🟦} {🟥} {🟥} {🟦} {🟦} {🟥} {🟦} {🟥} {🟦} {🟦},
  {🟥} {🟥} {🟦} {🟥} {🟥} {🟦} {🟦} {🟥} {🟦} {🟦} {🟥} {🟦},
  {🟥} {🟥} {🟦} {🟥} {🟦} {🟥} {🟥} {🟦} {🟦} {🟥} {🟦} {🟦},
  {🟥} {🟥} {🟦} {🟥} {🟦} {🟥} {🟦} {🟥} {🟦} {🟥} {🟦} {🟦},
  {🟥} {🟥} {🟦} {🟥} {🟦} {🟥} {🟦} {🟥} {🟦} {🟦} {🟥} {🟦},
  {🟥} {🟥} {🟦} {🟥} {🟦} {🟥} {🟦} {🟦} {🟥} {🟥} {🟦} {🟦},
  {🟥} {🟥} {🟦} {🟥} {🟦} {🟥} {🟦} {🟦} {🟥} {🟦} {🟥} {🟦},
  {🟥} {🟥} {🟦} {🟥} {🟦} {🟥} {🟦} {🟦} {🟥} {🟦} {🟦} {🟥},
  {🟥} {🟥} {🟦} {🟥} {🟦} {🟦} {🟥} {🟥} {🟦} {🟥} {🟦} {🟦},
  {🟥} {🟥} {🟦} {🟥} {🟦} {🟦} {🟥} {🟥} {🟦} {🟦} {🟥} {🟦},
  {🟥} {🟥} {🟦} {🟥} {🟦} {🟦} {🟥} {🟦} {🟥} {🟥} {🟦} {🟦},
  {🟥} {🟥} {🟦} {🟥} {🟦} {🟦} {🟥} {🟦} {🟥} {🟦} {🟥} {🟦},
  {🟥} {🟥} {🟦} {🟥} {🟦} {🟦} {🟥} {🟦} {🟥} {🟦} {🟦} {🟥},
  {🟥} {🟥} {🟦} {🟥} {🟦} {🟦} {🟥} {🟦} {🟦} {🟥} {🟥} {🟦},
  {🟥} {🟥} {🟦} {🟥} {🟦} {🟦} {🟥} {🟦} {🟦} {🟥} {🟦} {🟥},
  {🟥} {🟥} {🟦} {🟦} {🟥} {🟥} {🟦} {🟥} {🟦} {🟥} {🟦} {🟦},
  {🟥} {🟥} {🟦} {🟦} {🟥} {🟥} {🟦} {🟥} {🟦} {🟦} {🟥} {🟦},
  {🟥} {🟥} {🟦} {🟦} {🟥} {🟥} {🟦} {🟦} {🟥} {🟥} {🟦} {🟦},
  {🟥} {🟥} {🟦} {🟦} {🟥} {🟥} {🟦} {🟦} {🟥} {🟦} {🟥} {🟦},
  {🟥} {🟥} {🟦} {🟦} {🟥} {🟥} {🟦} {🟦} {🟥} {🟦} {🟦} {🟥},
  {🟥} {🟥} {🟦} {🟦} {🟥} {🟦} {🟥} {🟥} {🟦} {🟥} {🟦} {🟦},
  {🟥} {🟥} {🟦} {🟦} {🟥} {🟦} {🟥} {🟥} {🟦} {🟦} {🟥} {🟦},
  {🟥} {🟥} {🟦} {🟦} {🟥} {🟦} {🟥} {🟦} {🟥} {🟥} {🟦} {🟦},
  {🟥} {🟥} {🟦} {🟦} {🟥} {🟦} {🟥} {🟦} {🟥} {🟦} {🟥} {🟦},
  {🟥} {🟥} {🟦} {🟦} {🟥} {🟦} {🟥} {🟦} {🟥} {🟦} {🟦} {🟥},
  {🟥} {🟥} {🟦} {🟦} {🟥} {🟦} {🟥} {🟦} {🟦} {🟥} {🟥} {🟦},
  {🟥} {🟥} {🟦} {🟦} {🟥} {🟦} {🟥} {🟦} {🟦} {🟥} {🟦} {🟥},
  {🟥} {🟥} {🟦} {🟦} {🟥} {🟦} {🟦} {🟥} {🟥} {🟦} {🟥} {🟦},
  {🟥} {🟥} {🟦} {🟦} {🟥} {🟦} {🟦} {🟥} {🟥} {🟦} {🟦} {🟥},
  {🟥} {🟥} {🟦} {🟦} {🟥} {🟦} {🟦} {🟥} {🟦} {🟥} {🟥} {🟦},
  {🟥} {🟥} {🟦} {🟦} {🟥} {🟦} {🟦} {🟥} {🟦} {🟥} {🟦} {🟥},
  {🟥} {🟥} {🟦} {🟦} {🟥} {🟦} {🟦} {🟥} {🟦} {🟦} {🟥} {🟥},
  {🟥} {🟦} {🟥} {🟥} {🟦} {🟥} {🟥} {🟦} {🟦} {🟥} {🟦} {🟦},
  {🟥} {🟦} {🟥} {🟥} {🟦} {🟥} {🟦} {🟥} {🟦} {🟥} {🟦} {🟦},
  {🟥} {🟦} {🟥} {🟥} {🟦} {🟥} {🟦} {🟥} {🟦} {🟦} {🟥} {🟦},
  {🟥} {🟦} {🟥} {🟥} {🟦} {🟥} {🟦} {🟦} {🟥} {🟥} {🟦} {🟦},
  {🟥} {🟦} {🟥} {🟥} {🟦} {🟥} {🟦} {🟦} {🟥} {🟦} {🟥} {🟦},
  {🟥} {🟦} {🟥} {🟥} {🟦} {🟥} {🟦} {🟦} {🟥} {🟦} {🟦} {🟥},
  {🟥} {🟦} {🟥} {🟥} {🟦} {🟦} {🟥} {🟥} {🟦} {🟥} {🟦} {🟦},
  {🟥} {🟦} {🟥} {🟥} {🟦} {🟦} {🟥} {🟥} {🟦} {🟦} {🟥} {🟦},
  {🟥} {🟦} {🟥} {🟥} {🟦} {🟦} {🟥} {🟦} {🟥} {🟥} {🟦} {🟦},
  {🟥} {🟦} {🟥} {🟥} {🟦} {🟦} {🟥} {🟦} {🟥} {🟦} {🟥} {🟦},
  {🟥} {🟦} {🟥} {🟥} {🟦} {🟦} {🟥} {🟦} {🟥} {🟦} {🟦} {🟥},
  {🟥} {🟦} {🟥} {🟥} {🟦} {🟦} {🟥} {🟦} {🟦} {🟥} {🟥} {🟦},
  {🟥} {🟦} {🟥} {🟥} {🟦} {🟦} {🟥} {🟦} {🟦} {🟥} {🟦} {🟥},
  {🟥} {🟦} {🟥} {🟦} {🟥} {🟥} {🟦} {🟥} {🟦} {🟥} {🟦} {🟦},
  {🟥} {🟦} {🟥} {🟦} {🟥} {🟥} {🟦} {🟥} {🟦} {🟦} {🟥} {🟦},
  {🟥} {🟦} {🟥} {🟦} {🟥} {🟥} {🟦} {🟦} {🟥} {🟥} {🟦} {🟦},
  {🟥} {🟦} {🟥} {🟦} {🟥} {🟥} {🟦} {🟦} {🟥} {🟦} {🟥} {🟦},
  {🟥} {🟦} {🟥} {🟦} {🟥} {🟥} {🟦} {🟦} {🟥} {🟦} {🟦} {🟥},
  {🟥} {🟦} {🟥} {🟦} {🟥} {🟦} {🟥} {🟥} {🟦} {🟥} {🟦} {🟦},
  {🟥} {🟦} {🟥} {🟦} {🟥} {🟦} {🟥} {🟥} {🟦} {🟦} {🟥} {🟦},
  {🟥} {🟦} {🟥} {🟦} {🟥} {🟦} {🟥} {🟦} {🟥} {🟥} {🟦} {🟦},
  {🟥} {🟦} {🟥} {🟦} {🟥} {🟦} {🟥} {🟦} {🟥} {🟦} {🟥} {🟦},
  {🟥} {🟦} {🟥} {🟦} {🟥} {🟦} {🟥} {🟦} {🟥} {🟦} {🟦} {🟥},
  {🟥} {🟦} {🟥} {🟦} {🟥} {🟦} {🟥} {🟦} {🟦} {🟥} {🟥} {🟦},
  {🟥} {🟦} {🟥} {🟦} {🟥} {🟦} {🟥} {🟦} {🟦} {🟥} {🟦} {🟥},
  {🟥} {🟦} {🟥} {🟦} {🟥} {🟦} {🟦} {🟥} {🟥} {🟦} {🟥} {🟦},
  {🟥} {🟦} {🟥} {🟦} {🟥} {🟦} {🟦} {🟥} {🟥} {🟦} {🟦} {🟥},
  {🟥} {🟦} {🟥} {🟦} {🟥} {🟦} {🟦} {🟥} {🟦} {🟥} {🟥} {🟦},
  {🟥} {🟦} {🟥} {🟦} {🟥} {🟦} {🟦} {🟥} {🟦} {🟥} {🟦} {🟥},
  {🟥} {🟦} {🟥} {🟦} {🟥} {🟦} {🟦} {🟥} {🟦} {🟦} {🟥} {🟥},
  {🟥} {🟦} {🟥} {🟦} {🟦} {🟥} {🟥} {🟦} {🟥} {🟥} {🟦} {🟦},
  {🟥} {🟦} {🟥} {🟦} {🟦} {🟥} {🟥} {🟦} {🟥} {🟦} {🟥} {🟦},
  {🟥} {🟦} {🟥} {🟦} {🟦} {🟥} {🟥} {🟦} {🟥} {🟦} {🟦} {🟥},
  {🟥} {🟦} {🟥} {🟦} {🟦} {🟥} {🟥} {🟦} {🟦} {🟥} {🟥} {🟦},
  {🟥} {🟦} {🟥} {🟦} {🟦} {🟥} {🟥} {🟦} {🟦} {🟥} {🟦} {🟥},
  {🟥} {🟦} {🟥} {🟦} {🟦} {🟥} {🟦} {🟥} {🟥} {🟦} {🟥} {🟦},
  {🟥} {🟦} {🟥} {🟦} {🟦} {🟥} {🟦} {🟥} {🟥} {🟦} {🟦} {🟥},
  {🟥} {🟦} {🟥} {🟦} {🟦} {🟥} {🟦} {🟥} {🟦} {🟥} {🟥} {🟦},
  {🟥} {🟦} {🟥} {🟦} {🟦} {🟥} {🟦} {🟥} {🟦} {🟥} {🟦} {🟥},
  {🟥} {🟦} {🟥} {🟦} {🟦} {🟥} {🟦} {🟥} {🟦} {🟦} {🟥} {🟥},
  {🟥} {🟦} {🟥} {🟦} {🟦} {🟥} {🟦} {🟦} {🟥} {🟥} {🟦} {🟥},
  {🟥} {🟦} {🟥} {🟦} {🟦} {🟥} {🟦} {🟦} {🟥} {🟦} {🟥} {🟥},
  {🟥} {🟦} {🟦} {🟥} {🟥} {🟦} {🟥} {🟥} {🟦} {🟥} {🟦} {🟦},
  {🟥} {🟦} {🟦} {🟥} {🟥} {🟦} {🟥} {🟥} {🟦} {🟦} {🟥} {🟦},
  {🟥} {🟦} {🟦} {🟥} {🟥} {🟦} {🟥} {🟦} {🟥} {🟥} {🟦} {🟦},
  {🟥} {🟦} {🟦} {🟥} {🟥} {🟦} {🟥} {🟦} {🟥} {🟦} {🟥} {🟦},
  {🟥} {🟦} {🟦} {🟥} {🟥} {🟦} {🟥} {🟦} {🟥} {🟦} {🟦} {🟥},
  {🟥} {🟦} {🟦} {🟥} {🟥} {🟦} {🟥} {🟦} {🟦} {🟥} {🟥} {🟦},
  {🟥} {🟦} {🟦} {🟥} {🟥} {🟦} {🟥} {🟦} {🟦} {🟥} {🟦} {🟥},
  {🟥} {🟦} {🟦} {🟥} {🟥} {🟦} {🟦} {🟥} {🟥} {🟦} {🟥} {🟦},
  {🟥} {🟦} {🟦} {🟥} {🟥} {🟦} {🟦} {🟥} {🟥} {🟦} {🟦} {🟥},
  {🟥} {🟦} {🟦} {🟥} {🟥} {🟦} {🟦} {🟥} {🟦} {🟥} {🟥} {🟦},
  {🟥} {🟦} {🟦} {🟥} {🟥} {🟦} {🟦} {🟥} {🟦} {🟥} {🟦} {🟥},
  {🟥} {🟦} {🟦} {🟥} {🟥} {🟦} {🟦} {🟥} {🟦} {🟦} {🟥} {🟥},
  {🟥} {🟦} {🟦} {🟥} {🟦} {🟥} {🟥} {🟦} {🟥} {🟥} {🟦} {🟦},
  {🟥} {🟦} {🟦} {🟥} {🟦} {🟥} {🟥} {🟦} {🟥} {🟦} {🟥} {🟦},
  {🟥} {🟦} {🟦} {🟥} {🟦} {🟥} {🟥} {🟦} {🟥} {🟦} {🟦} {🟥},
  {🟥} {🟦} {🟦} {🟥} {🟦} {🟥} {🟥} {🟦} {🟦} {🟥} {🟥} {🟦},
  {🟥} {🟦} {🟦} {🟥} {🟦} {🟥} {🟥} {🟦} {🟦} {🟥} {🟦} {🟥},
  {🟥} {🟦} {🟦} {🟥} {🟦} {🟥} {🟦} {🟥} {🟥} {🟦} {🟥} {🟦},
  {🟥} {🟦} {🟦} {🟥} {🟦} {🟥} {🟦} {🟥} {🟥} {🟦} {🟦} {🟥},
  {🟥} {🟦} {🟦} {🟥} {🟦} {🟥} {🟦} {🟥} {🟦} {🟥} {🟥} {🟦},
  {🟥} {🟦} {🟦} {🟥} {🟦} {🟥} {🟦} {🟥} {🟦} {🟥} {🟦} {🟥},
  {🟥} {🟦} {🟦} {🟥} {🟦} {🟥} {🟦} {🟥} {🟦} {🟦} {🟥} {🟥},
  {🟥} {🟦} {🟦} {🟥} {🟦} {🟥} {🟦} {🟦} {🟥} {🟥} {🟦} {🟥},
  {🟥} {🟦} {🟦} {🟥} {🟦} {🟥} {🟦} {🟦} {🟥} {🟦} {🟥} {🟥},
  {🟥} {🟦} {🟦} {🟥} {🟦} {🟦} {🟥} {🟥} {🟦} {🟥} {🟥} {🟦},
  {🟥} {🟦} {🟦} {🟥} {🟦} {🟦} {🟥} {🟥} {🟦} {🟥} {🟦} {🟥},
  {🟥} {🟦} {🟦} {🟥} {🟦} {🟦} {🟥} {🟥} {🟦} {🟦} {🟥} {🟥},
  {🟥} {🟦} {🟦} {🟥} {🟦} {🟦} {🟥} {🟦} {🟥} {🟥} {🟦} {🟥},
  {🟥} {🟦} {🟦} {🟥} {🟦} {🟦} {🟥} {🟦} {🟥} {🟦} {🟥} {🟥},
  {🟦} {🟥} {🟥} {🟦} {🟥} {🟥} {🟦} {🟥} {🟦} {🟥} {🟦} {🟦},
  {🟦} {🟥} {🟥} {🟦} {🟥} {🟥} {🟦} {🟥} {🟦} {🟦} {🟥} {🟦},
  {🟦} {🟥} {🟥} {🟦} {🟥} {🟥} {🟦} {🟦} {🟥} {🟥} {🟦} {🟦},
  {🟦} {🟥} {🟥} {🟦} {🟥} {🟥} {🟦} {🟦} {🟥} {🟦} {🟥} {🟦},
  {🟦} {🟥} {🟥} {🟦} {🟥} {🟥} {🟦} {🟦} {🟥} {🟦} {🟦} {🟥},
  {🟦} {🟥} {🟥} {🟦} {🟥} {🟦} {🟥} {🟥} {🟦} {🟥} {🟦} {🟦},
  {🟦} {🟥} {🟥} {🟦} {🟥} {🟦} {🟥} {🟥} {🟦} {🟦} {🟥} {🟦},
  {🟦} {🟥} {🟥} {🟦} {🟥} {🟦} {🟥} {🟦} {🟥} {🟥} {🟦} {🟦},
  {🟦} {🟥} {🟥} {🟦} {🟥} {🟦} {🟥} {🟦} {🟥} {🟦} {🟥} {🟦},
  {🟦} {🟥} {🟥} {🟦} {🟥} {🟦} {🟥} {🟦} {🟥} {🟦} {🟦} {🟥},
  {🟦} {🟥} {🟥} {🟦} {🟥} {🟦} {🟥} {🟦} {🟦} {🟥} {🟥} {🟦},
  {🟦} {🟥} {🟥} {🟦} {🟥} {🟦} {🟥} {🟦} {🟦} {🟥} {🟦} {🟥},
  {🟦} {🟥} {🟥} {🟦} {🟥} {🟦} {🟦} {🟥} {🟥} {🟦} {🟥} {🟦},
  {🟦} {🟥} {🟥} {🟦} {🟥} {🟦} {🟦} {🟥} {🟥} {🟦} {🟦} {🟥},
  {🟦} {🟥} {🟥} {🟦} {🟥} {🟦} {🟦} {🟥} {🟦} {🟥} {🟥} {🟦},
  {🟦} {🟥} {🟥} {🟦} {🟥} {🟦} {🟦} {🟥} {🟦} {🟥} {🟦} {🟥},
  {🟦} {🟥} {🟥} {🟦} {🟥} {🟦} {🟦} {🟥} {🟦} {🟦} {🟥} {🟥},
  {🟦} {🟥} {🟥} {🟦} {🟦} {🟥} {🟥} {🟦} {🟥} {🟥} {🟦} {🟦},
  {🟦} {🟥} {🟥} {🟦} {🟦} {🟥} {🟥} {🟦} {🟥} {🟦} {🟥} {🟦},
  {🟦} {🟥} {🟥} {🟦} {🟦} {🟥} {🟥} {🟦} {🟥} {🟦} {🟦} {🟥},
  {🟦} {🟥} {🟥} {🟦} {🟦} {🟥} {🟥} {🟦} {🟦} {🟥} {🟥} {🟦},
  {🟦} {🟥} {🟥} {🟦} {🟦} {🟥} {🟥} {🟦} {🟦} {🟥} {🟦} {🟥},
  {🟦} {🟥} {🟥} {🟦} {🟦} {🟥} {🟦} {🟥} {🟥} {🟦} {🟥} {🟦},
  {🟦} {🟥} {🟥} {🟦} {🟦} {🟥} {🟦} {🟥} {🟥} {🟦} {🟦} {🟥},
  {🟦} {🟥} {🟥} {🟦} {🟦} {🟥} {🟦} {🟥} {🟦} {🟥} {🟥} {🟦},
  {🟦} {🟥} {🟥} {🟦} {🟦} {🟥} {🟦} {🟥} {🟦} {🟥} {🟦} {🟥},
  {🟦} {🟥} {🟥} {🟦} {🟦} {🟥} {🟦} {🟥} {🟦} {🟦} {🟥} {🟥},
  {🟦} {🟥} {🟥} {🟦} {🟦} {🟥} {🟦} {🟦} {🟥} {🟥} {🟦} {🟥},
  {🟦} {🟥} {🟥} {🟦} {🟦} {🟥} {🟦} {🟦} {🟥} {🟦} {🟥} {🟥},
  {🟦} {🟥} {🟦} {🟥} {🟥} {🟦} {🟥} {🟥} {🟦} {🟥} {🟦} {🟦},
  {🟦} {🟥} {🟦} {🟥} {🟥} {🟦} {🟥} {🟥} {🟦} {🟦} {🟥} {🟦},
  {🟦} {🟥} {🟦} {🟥} {🟥} {🟦} {🟥} {🟦} {🟥} {🟥} {🟦} {🟦},
  {🟦} {🟥} {🟦} {🟥} {🟥} {🟦} {🟥} {🟦} {🟥} {🟦} {🟥} {🟦},
  {🟦} {🟥} {🟦} {🟥} {🟥} {🟦} {🟥} {🟦} {🟥} {🟦} {🟦} {🟥},
  {🟦} {🟥} {🟦} {🟥} {🟥} {🟦} {🟥} {🟦} {🟦} {🟥} {🟥} {🟦},
  {🟦} {🟥} {🟦} {🟥} {🟥} {🟦} {🟥} {🟦} {🟦} {🟥} {🟦} {🟥},
  {🟦} {🟥} {🟦} {🟥} {🟥} {🟦} {🟦} {🟥} {🟥} {🟦} {🟥} {🟦},
  {🟦} {🟥} {🟦} {🟥} {🟥} {🟦} {🟦} {🟥} {🟥} {🟦} {🟦} {🟥},
  {🟦} {🟥} {🟦} {🟥} {🟥} {🟦} {🟦} {🟥} {🟦} {🟥} {🟥} {🟦},
  {🟦} {🟥} {🟦} {🟥} {🟥} {🟦} {🟦} {🟥} {🟦} {🟥} {🟦} {🟥},
  {🟦} {🟥} {🟦} {🟥} {🟥} {🟦} {🟦} {🟥} {🟦} {🟦} {🟥} {🟥},
  {🟦} {🟥} {🟦} {🟥} {🟦} {🟥} {🟥} {🟦} {🟥} {🟥} {🟦} {🟦},
  {🟦} {🟥} {🟦} {🟥} {🟦} {🟥} {🟥} {🟦} {🟥} {🟦} {🟥} {🟦},
  {🟦} {🟥} {🟦} {🟥} {🟦} {🟥} {🟥} {🟦} {🟥} {🟦} {🟦} {🟥},
  {🟦} {🟥} {🟦} {🟥} {🟦} {🟥} {🟥} {🟦} {🟦} {🟥} {🟥} {🟦},
  {🟦} {🟥} {🟦} {🟥} {🟦} {🟥} {🟥} {🟦} {🟦} {🟥} {🟦} {🟥},
  {🟦} {🟥} {🟦} {🟥} {🟦} {🟥} {🟦} {🟥} {🟥} {🟦} {🟥} {🟦},
  {🟦} {🟥} {🟦} {🟥} {🟦} {🟥} {🟦} {🟥} {🟥} {🟦} {🟦} {🟥},
  {🟦} {🟥} {🟦} {🟥} {🟦} {🟥} {🟦} {🟥} {🟦} {🟥} {🟥} {🟦},
  {🟦} {🟥} {🟦} {🟥} {🟦} {🟥} {🟦} {🟥} {🟦} {🟥} {🟦} {🟥},
  {🟦} {🟥} {🟦} {🟥} {🟦} {🟥} {🟦} {🟥} {🟦} {🟦} {🟥} {🟥},
  {🟦} {🟥} {🟦} {🟥} {🟦} {🟥} {🟦} {🟦} {🟥} {🟥} {🟦} {🟥},
  {🟦} {🟥} {🟦} {🟥} {🟦} {🟥} {🟦} {🟦} {🟥} {🟦} {🟥} {🟥},
  {🟦} {🟥} {🟦} {🟥} {🟦} {🟦} {🟥} {🟥} {🟦} {🟥} {🟥} {🟦},
  {🟦} {🟥} {🟦} {🟥} {🟦} {🟦} {🟥} {🟥} {🟦} {🟥} {🟦} {🟥},
  {🟦} {🟥} {🟦} {🟥} {🟦} {🟦} {🟥} {🟥} {🟦} {🟦} {🟥} {🟥},
  {🟦} {🟥} {🟦} {🟥} {🟦} {🟦} {🟥} {🟦} {🟥} {🟥} {🟦} {🟥},
  {🟦} {🟥} {🟦} {🟥} {🟦} {🟦} {🟥} {🟦} {🟥} {🟦} {🟥} {🟥},
  {🟦} {🟥} {🟦} {🟦} {🟥} {🟥} {🟦} {🟥} {🟥} {🟦} {🟥} {🟦},
  {🟦} {🟥} {🟦} {🟦} {🟥} {🟥} {🟦} {🟥} {🟥} {🟦} {🟦} {🟥},
  {🟦} {🟥} {🟦} {🟦} {🟥} {🟥} {🟦} {🟥} {🟦} {🟥} {🟥} {🟦},
  {🟦} {🟥} {🟦} {🟦} {🟥} {🟥} {🟦} {🟥} {🟦} {🟥} {🟦} {🟥},
  {🟦} {🟥} {🟦} {🟦} {🟥} {🟥} {🟦} {🟥} {🟦} {🟦} {🟥} {🟥},
  {🟦} {🟥} {🟦} {🟦} {🟥} {🟥} {🟦} {🟦} {🟥} {🟥} {🟦} {🟥},
  {🟦} {🟥} {🟦} {🟦} {🟥} {🟥} {🟦} {🟦} {🟥} {🟦} {🟥} {🟥},
  {🟦} {🟥} {🟦} {🟦} {🟥} {🟦} {🟥} {🟥} {🟦} {🟥} {🟥} {🟦},
  {🟦} {🟥} {🟦} {🟦} {🟥} {🟦} {🟥} {🟥} {🟦} {🟥} {🟦} {🟥},
  {🟦} {🟥} {🟦} {🟦} {🟥} {🟦} {🟥} {🟥} {🟦} {🟦} {🟥} {🟥},
  {🟦} {🟥} {🟦} {🟦} {🟥} {🟦} {🟥} {🟦} {🟥} {🟥} {🟦} {🟥},
  {🟦} {🟥} {🟦} {🟦} {🟥} {🟦} {🟥} {🟦} {🟥} {🟦} {🟥} {🟥},
  {🟦} {🟥} {🟦} {🟦} {🟥} {🟦} {🟦} {🟥} {🟥} {🟦} {🟥} {🟥},
  {🟦} {🟦} {🟥} {🟥} {🟦} {🟥} {🟥} {🟦} {🟥} {🟥} {🟦} {🟦},
  {🟦} {🟦} {🟥} {🟥} {🟦} {🟥} {🟥} {🟦} {🟥} {🟦} {🟥} {🟦},
  {🟦} {🟦} {🟥} {🟥} {🟦} {🟥} {🟥} {🟦} {🟥} {🟦} {🟦} {🟥},
  {🟦} {🟦} {🟥} {🟥} {🟦} {🟥} {🟥} {🟦} {🟦} {🟥} {🟥} {🟦},
  {🟦} {🟦} {🟥} {🟥} {🟦} {🟥} {🟥} {🟦} {🟦} {🟥} {🟦} {🟥},
  {🟦} {🟦} {🟥} {🟥} {🟦} {🟥} {🟦} {🟥} {🟥} {🟦} {🟥} {🟦},
  {🟦} {🟦} {🟥} {🟥} {🟦} {🟥} {🟦} {🟥} {🟥} {🟦} {🟦} {🟥},
  {🟦} {🟦} {🟥} {🟥} {🟦} {🟥} {🟦} {🟥} {🟦} {🟥} {🟥} {🟦},
  {🟦} {🟦} {🟥} {🟥} {🟦} {🟥} {🟦} {🟥} {🟦} {🟥} {🟦} {🟥},
  {🟦} {🟦} {🟥} {🟥} {🟦} {🟥} {🟦} {🟥} {🟦} {🟦} {🟥} {🟥},
  {🟦} {🟦} {🟥} {🟥} {🟦} {🟥} {🟦} {🟦} {🟥} {🟥} {🟦} {🟥},
  {🟦} {🟦} {🟥} {🟥} {🟦} {🟥} {🟦} {🟦} {🟥} {🟦} {🟥} {🟥},
  {🟦} {🟦} {🟥} {🟥} {🟦} {🟦} {🟥} {🟥} {🟦} {🟥} {🟥} {🟦},
  {🟦} {🟦} {🟥} {🟥} {🟦} {🟦} {🟥} {🟥} {🟦} {🟥} {🟦} {🟥},
  {🟦} {🟦} {🟥} {🟥} {🟦} {🟦} {🟥} {🟥} {🟦} {🟦} {🟥} {🟥},
  {🟦} {🟦} {🟥} {🟥} {🟦} {🟦} {🟥} {🟦} {🟥} {🟥} {🟦} {🟥},
  {🟦} {🟦} {🟥} {🟥} {🟦} {🟦} {🟥} {🟦} {🟥} {🟦} {🟥} {🟥},
  {🟦} {🟦} {🟥} {🟦} {🟥} {🟥} {🟦} {🟥} {🟥} {🟦} {🟥} {🟦},
  {🟦} {🟦} {🟥} {🟦} {🟥} {🟥} {🟦} {🟥} {🟥} {🟦} {🟦} {🟥},
  {🟦} {🟦} {🟥} {🟦} {🟥} {🟥} {🟦} {🟥} {🟦} {🟥} {🟥} {🟦},
  {🟦} {🟦} {🟥} {🟦} {🟥} {🟥} {🟦} {🟥} {🟦} {🟥} {🟦} {🟥},
  {🟦} {🟦} {🟥} {🟦} {🟥} {🟥} {🟦} {🟥} {🟦} {🟦} {🟥} {🟥},
  {🟦} {🟦} {🟥} {🟦} {🟥} {🟥} {🟦} {🟦} {🟥} {🟥} {🟦} {🟥},
  {🟦} {🟦} {🟥} {🟦} {🟥} {🟥} {🟦} {🟦} {🟥} {🟦} {🟥} {🟥},
  {🟦} {🟦} {🟥} {🟦} {🟥} {🟦} {🟥} {🟥} {🟦} {🟥} {🟥} {🟦},
  {🟦} {🟦} {🟥} {🟦} {🟥} {🟦} {🟥} {🟥} {🟦} {🟥} {🟦} {🟥},
  {🟦} {🟦} {🟥} {🟦} {🟥} {🟦} {🟥} {🟥} {🟦} {🟦} {🟥} {🟥},
  {🟦} {🟦} {🟥} {🟦} {🟥} {🟦} {🟥} {🟦} {🟥} {🟥} {🟦} {🟥},
  {🟦} {🟦} {🟥} {🟦} {🟥} {🟦} {🟥} {🟦} {🟥} {🟦} {🟥} {🟥},
  {🟦} {🟦} {🟥} {🟦} {🟥} {🟦} {🟦} {🟥} {🟥} {🟦} {🟥} {🟥},
  {🟦} {🟦} {🟥} {🟦} {🟦} {🟥} {🟥} {🟦} {🟥} {🟥} {🟦} {🟥},
  {🟦} {🟦} {🟥} {🟦} {🟦} {🟥} {🟥} {🟦} {🟥} {🟦} {🟥} {🟥},
  {🟦} {🟦} {🟥} {🟦} {🟦} {🟥} {🟦} {🟥} {🟥} {🟦} {🟥} {🟥},
]
`;
